/Users/hk00604ml/cjy/MscProject-NewsAgent2025/.venv/lib/python3.11/site-packages/jieba/_compat.py:18: UserWarning: pkg_resources is deprecated as an API. See https://setuptools.pypa.io/en/latest/pkg_resources.html. The pkg_resources package is slated for removal as early as 2025-11-30. Refrain from using this package or pin to Setuptools<81.
  import pkg_resources
2025-11-28 20:16:42,101 - INFO - libssl detected, it will be used for encryption
2025-11-28 20:16:42,135 - INFO - 正在加载 KeyBERT 模型: paraphrase-multilingual-MiniLM-L12-v2...
2025-11-28 20:16:42,136 - INFO - Use pytorch device_name: mps
2025-11-28 20:16:42,136 - INFO - Load pretrained SentenceTransformer: paraphrase-multilingual-MiniLM-L12-v2
2025-11-28 20:16:47,037 - INFO - ✓ 成功加载 KeyBERT 模型: paraphrase-multilingual-MiniLM-L12-v2
2025-11-28 20:16:47,037 - INFO - 正在加载 spaCy 模型: zh_core_web_sm...
2025-11-28 20:16:47,037 - INFO - 正在加载 spaCy 模型: zh_core_web_lg...
2025-11-28 20:16:48,062 - INFO - ✓ 成功加载 spaCy 模型: zh_core_web_lg
2025-11-28 20:16:48,070 - INFO - 生产者和消费者初始化成功 (DB: /Users/hk00604ml/cjy/MscProject-NewsAgent2025/testdb_cryptonews.db)
2025-11-28 20:16:48,070 - INFO - Connecting to 91.108.56.117:443/TcpFull...
2025-11-28 20:16:48,111 - INFO - Connection to 91.108.56.117:443/TcpFull complete!
2025-11-28 20:16:53,336 - ERROR - 运行过程中出现错误: database is locked
2025-11-28 20:16:53,337 - INFO - Disconnecting from 91.108.56.117:443/TcpFull...
2025-11-28 20:16:53,337 - INFO - Disconnection from 91.108.56.117:443/TcpFull complete!
Traceback (most recent call last):
  File "/Users/hk00604ml/cjy/MscProject-NewsAgent2025/run_crypto_crawler.py", line 71, in <module>
    asyncio.run(main(args_mode))
  File "/Users/hk00604ml/.local/share/uv/python/cpython-3.11.14-macos-aarch64-none/lib/python3.11/asyncio/runners.py", line 190, in run
    return runner.run(main)
           ^^^^^^^^^^^^^^^^
  File "/Users/hk00604ml/.local/share/uv/python/cpython-3.11.14-macos-aarch64-none/lib/python3.11/asyncio/runners.py", line 118, in run
    return self._loop.run_until_complete(task)
           ^^^^^^^^^^^^^^^^^^^^^^^^^^^^^^^^^^^
  File "/Users/hk00604ml/.local/share/uv/python/cpython-3.11.14-macos-aarch64-none/lib/python3.11/asyncio/base_events.py", line 654, in run_until_complete
    return future.result()
           ^^^^^^^^^^^^^^^
  File "/Users/hk00604ml/cjy/MscProject-NewsAgent2025/run_crypto_crawler.py", line 53, in main
    await producer.stop()
  File "/Users/hk00604ml/cjy/MscProject-NewsAgent2025/src/crawler/crpyto_news/producer.py", line 35, in stop
    await self.client.disconnect()
  File "/Users/hk00604ml/cjy/MscProject-NewsAgent2025/.venv/lib/python3.11/site-packages/telethon/client/telegrambaseclient.py", line 746, in _disconnect_coro
    await self._save_states_and_entities()
  File "/Users/hk00604ml/cjy/MscProject-NewsAgent2025/.venv/lib/python3.11/site-packages/telethon/client/telegrambaseclient.py", line 707, in _save_states_and_entities
    await utils.maybe_async(self.session.set_update_state(0, types.updates.State(**ss, unread_count=0)))
                            ^^^^^^^^^^^^^^^^^^^^^^^^^^^^^^^^^^^^^^^^^^^^^^^^^^^^^^^^^^^^^^^^^^^^^^^^^^^
  File "/Users/hk00604ml/cjy/MscProject-NewsAgent2025/.venv/lib/python3.11/site-packages/telethon/sessions/sqlite.py", line 214, in set_update_state
    self._execute('insert or replace into update_state values (?,?,?,?,?)',
  File "/Users/hk00604ml/cjy/MscProject-NewsAgent2025/.venv/lib/python3.11/site-packages/telethon/sessions/sqlite.py", line 253, in _execute
    return c.execute(stmt, values).fetchone()
           ^^^^^^^^^^^^^^^^^^^^^^^
sqlite3.OperationalError: database is locked
